// Jest Snapshot v1, https://goo.gl/fbAQLP

exports[`should show the list when there types a 1`] = `
<div
  data-testid="typeahead"
>
  <input
    aria-label="typeahead-input"
    class="sc-bdfBwQ juMTdC"
    placeholder="Type..."
    type="text"
    value="a"
  />
  <ul
    class="sc-gsTCUz MsIIl"
    data-testid="suggestions-list"
  >
    <li>
      <button
        class="sc-dlfnbm cHfzSk"
        type="button"
      >
        <span>
          
          <span
            class="coloredText"
          >
            A
          </span>
        </span>
        <span>
          ç
          <span
            class="coloredText"
          >
            a
          </span>
        </span>
        <span>
          í
        </span>
      </button>
    </li>
    <li>
      <button
        class="sc-dlfnbm eUEKhV"
        type="button"
      >
        <span>
          
          <span
            class="coloredText"
          >
            A
          </span>
        </span>
        <span>
          pple
        </span>
      </button>
    </li>
    <li>
      <button
        class="sc-dlfnbm eUEKhV"
        type="button"
      >
        <span>
          
          <span
            class="coloredText"
          >
            A
          </span>
        </span>
        <span>
          kee
        </span>
      </button>
    </li>
    <li>
      <button
        class="sc-dlfnbm eUEKhV"
        type="button"
      >
        <span>
          
          <span
            class="coloredText"
          >
            A
          </span>
        </span>
        <span>
          pricot
        </span>
      </button>
    </li>
    <li>
      <button
        class="sc-dlfnbm eUEKhV"
        type="button"
      >
        <span>
          
          <span
            class="coloredText"
          >
            A
          </span>
        </span>
        <span>
          voc
          <span
            class="coloredText"
          >
            a
          </span>
        </span>
        <span>
          do
        </span>
      </button>
    </li>
    <li>
      <button
        class="sc-dlfnbm eUEKhV"
        type="button"
      >
        <span>
          B
          <span
            class="coloredText"
          >
            a
          </span>
        </span>
        <span>
          n
          <span
            class="coloredText"
          >
            a
          </span>
        </span>
        <span>
          n
          <span
            class="coloredText"
          >
            a
          </span>
        </span>
        <span />
      </button>
    </li>
    <li>
      <button
        class="sc-dlfnbm eUEKhV"
        type="button"
      >
        <span>
          Bl
          <span
            class="coloredText"
          >
            a
          </span>
        </span>
        <span>
          ckberry
        </span>
      </button>
    </li>
    <li>
      <button
        class="sc-dlfnbm eUEKhV"
        type="button"
      >
        <span>
          Bl
          <span
            class="coloredText"
          >
            a
          </span>
        </span>
        <span>
          ckcurr
          <span
            class="coloredText"
          >
            a
          </span>
        </span>
        <span>
          nt
        </span>
      </button>
    </li>
    <li>
      <button
        class="sc-dlfnbm eUEKhV"
        type="button"
      >
        <span>
          Bl
          <span
            class="coloredText"
          >
            a
          </span>
        </span>
        <span>
          ck s
          <span
            class="coloredText"
          >
            a
          </span>
        </span>
        <span>
          pote
        </span>
      </button>
    </li>
    <li>
      <button
        class="sc-dlfnbm eUEKhV"
        type="button"
      >
        <span>
          Buddh
          <span
            class="coloredText"
          >
            a
          </span>
        </span>
        <span>
          's h
          <span
            class="coloredText"
          >
            a
          </span>
        </span>
        <span>
          nd
        </span>
      </button>
    </li>
    <li>
      <button
        class="sc-dlfnbm eUEKhV"
        type="button"
      >
        <span>
          Cr
          <span
            class="coloredText"
          >
            a
          </span>
        </span>
        <span>
          b 
          <span
            class="coloredText"
          >
            a
          </span>
        </span>
        <span>
          pples
        </span>
      </button>
    </li>
    <li>
      <button
        class="sc-dlfnbm eUEKhV"
        type="button"
      >
        <span>
          Curr
          <span
            class="coloredText"
          >
            a
          </span>
        </span>
        <span>
          nt
        </span>
      </button>
    </li>
    <li>
      <button
        class="sc-dlfnbm eUEKhV"
        type="button"
      >
        <span>
          Cherimoy
          <span
            class="coloredText"
          >
            a
          </span>
        </span>
        <span />
      </button>
    </li>
    <li>
      <button
        class="sc-dlfnbm eUEKhV"
        type="button"
      >
        <span>
          Cr
          <span
            class="coloredText"
          >
            a
          </span>
        </span>
        <span>
          nberry
        </span>
      </button>
    </li>
    <li>
      <button
        class="sc-dlfnbm eUEKhV"
        type="button"
      >
        <span>
          D
          <span
            class="coloredText"
          >
            a
          </span>
        </span>
        <span>
          mson
        </span>
      </button>
    </li>
    <li>
      <button
        class="sc-dlfnbm eUEKhV"
        type="button"
      >
        <span>
          D
          <span
            class="coloredText"
          >
            a
          </span>
        </span>
        <span>
          te
        </span>
      </button>
    </li>
    <li>
      <button
        class="sc-dlfnbm eUEKhV"
        type="button"
      >
        <span>
          Dr
          <span
            class="coloredText"
          >
            a
          </span>
        </span>
        <span>
          gonfruit
        </span>
      </button>
    </li>
    <li>
      <button
        class="sc-dlfnbm eUEKhV"
        type="button"
      >
        <span>
          Pit
          <span
            class="coloredText"
          >
            a
          </span>
        </span>
        <span>
          y
          <span
            class="coloredText"
          >
            a
          </span>
        </span>
        <span />
      </button>
    </li>
    <li>
      <button
        class="sc-dlfnbm eUEKhV"
        type="button"
      >
        <span>
          Duri
          <span
            class="coloredText"
          >
            a
          </span>
        </span>
        <span>
          n
        </span>
      </button>
    </li>
    <li>
      <button
        class="sc-dlfnbm eUEKhV"
        type="button"
      >
        <span>
          Feijo
          <span
            class="coloredText"
          >
            a
          </span>
        </span>
        <span />
      </button>
    </li>
    <li>
      <button
        class="sc-dlfnbm eUEKhV"
        type="button"
      >
        <span>
          Gr
          <span
            class="coloredText"
          >
            a
          </span>
        </span>
        <span>
          pe
        </span>
      </button>
    </li>
    <li>
      <button
        class="sc-dlfnbm eUEKhV"
        type="button"
      >
        <span>
          R
          <span
            class="coloredText"
          >
            a
          </span>
        </span>
        <span>
          isin
        </span>
      </button>
    </li>
    <li>
      <button
        class="sc-dlfnbm eUEKhV"
        type="button"
      >
        <span>
          Gr
          <span
            class="coloredText"
          >
            a
          </span>
        </span>
        <span>
          pefruit
        </span>
      </button>
    </li>
    <li>
      <button
        class="sc-dlfnbm eUEKhV"
        type="button"
      >
        <span>
          Gu
          <span
            class="coloredText"
          >
            a
          </span>
        </span>
        <span>
          v
          <span
            class="coloredText"
          >
            a
          </span>
        </span>
        <span />
      </button>
    </li>
    <li>
      <button
        class="sc-dlfnbm eUEKhV"
        type="button"
      >
        <span>
          J
          <span
            class="coloredText"
          >
            a
          </span>
        </span>
        <span>
          butic
          <span
            class="coloredText"
          >
            a
          </span>
        </span>
        <span>
          b
          <span
            class="coloredText"
          >
            a
          </span>
        </span>
        <span />
      </button>
    </li>
    <li>
      <button
        class="sc-dlfnbm eUEKhV"
        type="button"
      >
        <span>
          J
          <span
            class="coloredText"
          >
            a
          </span>
        </span>
        <span>
          ckfruit
        </span>
      </button>
    </li>
    <li>
      <button
        class="sc-dlfnbm eUEKhV"
        type="button"
      >
        <span>
          J
          <span
            class="coloredText"
          >
            a
          </span>
        </span>
        <span>
          mbul
        </span>
      </button>
    </li>
    <li>
      <button
        class="sc-dlfnbm eUEKhV"
        type="button"
      >
        <span>
          J
          <span
            class="coloredText"
          >
            a
          </span>
        </span>
        <span>
          p
          <span
            class="coloredText"
          >
            a
          </span>
        </span>
        <span>
          nese plum
        </span>
      </button>
    </li>
    <li>
      <button
        class="sc-dlfnbm eUEKhV"
        type="button"
      >
        <span>
          Jost
          <span
            class="coloredText"
          >
            a
          </span>
        </span>
        <span>
          berry
        </span>
      </button>
    </li>
    <li>
      <button
        class="sc-dlfnbm eUEKhV"
        type="button"
      >
        <span>
          Kiw
          <span
            class="coloredText"
          >
            a
          </span>
        </span>
        <span>
          no
        </span>
      </button>
    </li>
    <li>
      <button
        class="sc-dlfnbm eUEKhV"
        type="button"
      >
        <span>
          Kumqu
          <span
            class="coloredText"
          >
            a
          </span>
        </span>
        <span>
          t
        </span>
      </button>
    </li>
    <li>
      <button
        class="sc-dlfnbm eUEKhV"
        type="button"
      >
        <span>
          Loqu
          <span
            class="coloredText"
          >
            a
          </span>
        </span>
        <span>
          t
        </span>
      </button>
    </li>
    <li>
      <button
        class="sc-dlfnbm eUEKhV"
        type="button"
      >
        <span>
          Long
          <span
            class="coloredText"
          >
            a
          </span>
        </span>
        <span>
          n
        </span>
      </button>
    </li>
    <li>
      <button
        class="sc-dlfnbm eUEKhV"
        type="button"
      >
        <span>
          M
          <span
            class="coloredText"
          >
            a
          </span>
        </span>
        <span>
          ngo
        </span>
      </button>
    </li>
    <li>
      <button
        class="sc-dlfnbm eUEKhV"
        type="button"
      >
        <span>
          M
          <span
            class="coloredText"
          >
            a
          </span>
        </span>
        <span>
          ngosteen
        </span>
      </button>
    </li>
    <li>
      <button
        class="sc-dlfnbm eUEKhV"
        type="button"
      >
        <span>
          M
          <span
            class="coloredText"
          >
            a
          </span>
        </span>
        <span>
          rionberry
        </span>
      </button>
    </li>
    <li>
      <button
        class="sc-dlfnbm eUEKhV"
        type="button"
      >
        <span>
          C
          <span
            class="coloredText"
          >
            a
          </span>
        </span>
        <span>
          nt
          <span
            class="coloredText"
          >
            a
          </span>
        </span>
        <span>
          loupe
        </span>
      </button>
    </li>
    <li>
      <button
        class="sc-dlfnbm eUEKhV"
        type="button"
      >
        <span>
          W
          <span
            class="coloredText"
          >
            a
          </span>
        </span>
        <span>
          termelon
        </span>
      </button>
    </li>
    <li>
      <button
        class="sc-dlfnbm eUEKhV"
        type="button"
      >
        <span>
          Mir
          <span
            class="coloredText"
          >
            a
          </span>
        </span>
        <span>
          cle fruit
        </span>
      </button>
    </li>
    <li>
      <button
        class="sc-dlfnbm eUEKhV"
        type="button"
      >
        <span>
          Nect
          <span
            class="coloredText"
          >
            a
          </span>
        </span>
        <span>
          rine
        </span>
      </button>
    </li>
    <li>
      <button
        class="sc-dlfnbm eUEKhV"
        type="button"
      >
        <span>
          N
          <span
            class="coloredText"
          >
            a
          </span>
        </span>
        <span>
          nce
        </span>
      </button>
    </li>
    <li>
      <button
        class="sc-dlfnbm eUEKhV"
        type="button"
      >
        <span>
          Or
          <span
            class="coloredText"
          >
            a
          </span>
        </span>
        <span>
          nge
        </span>
      </button>
    </li>
    <li>
      <button
        class="sc-dlfnbm eUEKhV"
        type="button"
      >
        <span>
          Blood or
          <span
            class="coloredText"
          >
            a
          </span>
        </span>
        <span>
          nge
        </span>
      </button>
    </li>
    <li>
      <button
        class="sc-dlfnbm eUEKhV"
        type="button"
      >
        <span>
          M
          <span
            class="coloredText"
          >
            a
          </span>
        </span>
        <span>
          nd
          <span
            class="coloredText"
          >
            a
          </span>
        </span>
        <span>
          rine
        </span>
      </button>
    </li>
    <li>
      <button
        class="sc-dlfnbm eUEKhV"
        type="button"
      >
        <span>
          T
          <span
            class="coloredText"
          >
            a
          </span>
        </span>
        <span>
          ngerine
        </span>
      </button>
    </li>
    <li>
      <button
        class="sc-dlfnbm eUEKhV"
        type="button"
      >
        <span>
          P
          <span
            class="coloredText"
          >
            a
          </span>
        </span>
        <span>
          p
          <span
            class="coloredText"
          >
            a
          </span>
        </span>
        <span>
          y
          <span
            class="coloredText"
          >
            a
          </span>
        </span>
        <span />
      </button>
    </li>
    <li>
      <button
        class="sc-dlfnbm eUEKhV"
        type="button"
      >
        <span>
          P
          <span
            class="coloredText"
          >
            a
          </span>
        </span>
        <span>
          ssionfruit
        </span>
      </button>
    </li>
    <li>
      <button
        class="sc-dlfnbm eUEKhV"
        type="button"
      >
        <span>
          Pe
          <span
            class="coloredText"
          >
            a
          </span>
        </span>
        <span>
          ch
        </span>
      </button>
    </li>
    <li>
      <button
        class="sc-dlfnbm eUEKhV"
        type="button"
      >
        <span>
          Pe
          <span
            class="coloredText"
          >
            a
          </span>
        </span>
        <span>
          r
        </span>
      </button>
    </li>
    <li>
      <button
        class="sc-dlfnbm eUEKhV"
        type="button"
      >
        <span>
          Pl
          <span
            class="coloredText"
          >
            a
          </span>
        </span>
        <span>
          nt
          <span
            class="coloredText"
          >
            a
          </span>
        </span>
        <span>
          in
        </span>
      </button>
    </li>
    <li>
      <button
        class="sc-dlfnbm eUEKhV"
        type="button"
      >
        <span>
          Pine
          <span
            class="coloredText"
          >
            a
          </span>
        </span>
        <span>
          pple
        </span>
      </button>
    </li>
    <li>
      <button
        class="sc-dlfnbm eUEKhV"
        type="button"
      >
        <span>
          Pomegr
          <span
            class="coloredText"
          >
            a
          </span>
        </span>
        <span>
          n
          <span
            class="coloredText"
          >
            a
          </span>
        </span>
        <span>
          te
        </span>
      </button>
    </li>
    <li>
      <button
        class="sc-dlfnbm eUEKhV"
        type="button"
      >
        <span>
          Purple m
          <span
            class="coloredText"
          >
            a
          </span>
        </span>
        <span>
          ngosteen
        </span>
      </button>
    </li>
    <li>
      <button
        class="sc-dlfnbm eUEKhV"
        type="button"
      >
        <span>
          R
          <span
            class="coloredText"
          >
            a
          </span>
        </span>
        <span>
          spberry
        </span>
      </button>
    </li>
    <li>
      <button
        class="sc-dlfnbm eUEKhV"
        type="button"
      >
        <span>
          S
          <span
            class="coloredText"
          >
            a
          </span>
        </span>
        <span>
          lmonberry
        </span>
      </button>
    </li>
    <li>
      <button
        class="sc-dlfnbm eUEKhV"
        type="button"
      >
        <span>
          R
          <span
            class="coloredText"
          >
            a
          </span>
        </span>
        <span>
          mbut
          <span
            class="coloredText"
          >
            a
          </span>
        </span>
        <span>
          n
        </span>
      </button>
    </li>
    <li>
      <button
        class="sc-dlfnbm eUEKhV"
        type="button"
      >
        <span>
          Redcurr
          <span
            class="coloredText"
          >
            a
          </span>
        </span>
        <span>
          nt
        </span>
      </button>
    </li>
    <li>
      <button
        class="sc-dlfnbm eUEKhV"
        type="button"
      >
        <span>
          S
          <span
            class="coloredText"
          >
            a
          </span>
        </span>
        <span>
          l
          <span
            class="coloredText"
          >
            a
          </span>
        </span>
        <span>
          l
        </span>
      </button>
    </li>
    <li>
      <button
        class="sc-dlfnbm eUEKhV"
        type="button"
      >
        <span>
          S
          <span
            class="coloredText"
          >
            a
          </span>
        </span>
        <span>
          l
          <span
            class="coloredText"
          >
            a
          </span>
        </span>
        <span>
          k
        </span>
      </button>
    </li>
    <li>
      <button
        class="sc-dlfnbm eUEKhV"
        type="button"
      >
        <span>
          S
          <span
            class="coloredText"
          >
            a
          </span>
        </span>
        <span>
          tsum
          <span
            class="coloredText"
          >
            a
          </span>
        </span>
        <span />
      </button>
    </li>
    <li>
      <button
        class="sc-dlfnbm eUEKhV"
        type="button"
      >
        <span>
          St
          <span
            class="coloredText"
          >
            a
          </span>
        </span>
        <span>
          r 
          <span
            class="coloredText"
          >
            a
          </span>
        </span>
        <span>
          pple
        </span>
      </button>
    </li>
    <li>
      <button
        class="sc-dlfnbm eUEKhV"
        type="button"
      >
        <span>
          St
          <span
            class="coloredText"
          >
            a
          </span>
        </span>
        <span>
          r fruit
        </span>
      </button>
    </li>
    <li>
      <button
        class="sc-dlfnbm eUEKhV"
        type="button"
      >
        <span>
          Str
          <span
            class="coloredText"
          >
            a
          </span>
        </span>
        <span>
          wberry
        </span>
      </button>
    </li>
    <li>
      <button
        class="sc-dlfnbm eUEKhV"
        type="button"
      >
        <span>
          Surin
          <span
            class="coloredText"
          >
            a
          </span>
        </span>
        <span>
          m cherry
        </span>
      </button>
    </li>
    <li>
      <button
        class="sc-dlfnbm eUEKhV"
        type="button"
      >
        <span>
          T
          <span
            class="coloredText"
          >
            a
          </span>
        </span>
        <span>
          m
          <span
            class="coloredText"
          >
            a
          </span>
        </span>
        <span>
          rillo
        </span>
      </button>
    </li>
    <li>
      <button
        class="sc-dlfnbm eUEKhV"
        type="button"
      >
        <span>
          T
          <span
            class="coloredText"
          >
            a
          </span>
        </span>
        <span>
          m
          <span
            class="coloredText"
          >
            a
          </span>
        </span>
        <span>
          rind
        </span>
      </button>
    </li>
    <li>
      <button
        class="sc-dlfnbm eUEKhV"
        type="button"
      >
        <span>
          White curr
          <span
            class="coloredText"
          >
            a
          </span>
        </span>
        <span>
          nt
        </span>
      </button>
    </li>
    <li>
      <button
        class="sc-dlfnbm eUEKhV"
        type="button"
      >
        <span>
          White s
          <span
            class="coloredText"
          >
            a
          </span>
        </span>
        <span>
          pote
        </span>
      </button>
    </li>
    <li>
      <button
        class="sc-dlfnbm eUEKhV"
        type="button"
      >
        <span>
          Eggpl
          <span
            class="coloredText"
          >
            a
          </span>
        </span>
        <span>
          nt
        </span>
      </button>
    </li>
    <li>
      <button
        class="sc-dlfnbm eUEKhV"
        type="button"
      >
        <span>
          Pe
          <span
            class="coloredText"
          >
            a
          </span>
        </span>
        <span />
      </button>
    </li>
    <li>
      <button
        class="sc-dlfnbm eUEKhV"
        type="button"
      >
        <span>
          Squ
          <span
            class="coloredText"
          >
            a
          </span>
        </span>
        <span>
          sh
        </span>
      </button>
    </li>
    <li>
      <button
        class="sc-dlfnbm eUEKhV"
        type="button"
      >
        <span>
          Tom
          <span
            class="coloredText"
          >
            a
          </span>
        </span>
        <span>
          to
        </span>
      </button>
    </li>
  </ul>
</div>
`;

exports[`should show the list when there types app 1`] = `
<div
  data-testid="typeahead"
>
  <input
    aria-label="typeahead-input"
    class="sc-bdfBwQ juMTdC"
    placeholder="Type..."
    type="text"
    value="app"
  />
  <ul
    class="sc-gsTCUz MsIIl"
    data-testid="suggestions-list"
  >
    <li>
      <button
        class="sc-dlfnbm cHfzSk"
        type="button"
      >
        <span>
          
          <span
            class="coloredText"
          >
            App
          </span>
        </span>
        <span>
          le
        </span>
      </button>
    </li>
    <li>
      <button
        class="sc-dlfnbm eUEKhV"
        type="button"
      >
        <span>
          Crab 
          <span
            class="coloredText"
          >
            app
          </span>
        </span>
        <span>
          les
        </span>
      </button>
    </li>
    <li>
      <button
        class="sc-dlfnbm eUEKhV"
        type="button"
      >
        <span>
          Japanese plum
        </span>
      </button>
    </li>
    <li>
      <button
        class="sc-dlfnbm eUEKhV"
        type="button"
      >
        <span>
          Pine
          <span
            class="coloredText"
          >
            app
          </span>
        </span>
        <span>
          le
        </span>
      </button>
    </li>
    <li>
      <button
        class="sc-dlfnbm eUEKhV"
        type="button"
      >
        <span>
          Star 
          <span
            class="coloredText"
          >
            app
          </span>
        </span>
        <span>
          le
        </span>
      </button>
    </li>
  </ul>
</div>
`;

exports[`should show the list when there types avo 1`] = `
<div
  data-testid="typeahead"
>
  <input
    aria-label="typeahead-input"
    class="sc-bdfBwQ juMTdC"
    placeholder="Type..."
    type="text"
    value="avo"
  />
  <ul
    class="sc-gsTCUz MsIIl"
    data-testid="suggestions-list"
  >
    <li>
      <button
        class="sc-dlfnbm cHfzSk"
        type="button"
      >
        <span>
          
          <span
            class="coloredText"
          >
            Avo
          </span>
        </span>
        <span>
          cado
        </span>
      </button>
    </li>
  </ul>
</div>
`;

exports[`should show the list when there types plu 1`] = `
<div
  data-testid="typeahead"
>
  <input
    aria-label="typeahead-input"
    class="sc-bdfBwQ juMTdC"
    placeholder="Type..."
    type="text"
    value="plu"
  />
  <ul
    class="sc-gsTCUz MsIIl"
    data-testid="suggestions-list"
  >
    <li>
      <button
        class="sc-dlfnbm cHfzSk"
        type="button"
      >
        <span>
          Japanese 
          <span
            class="coloredText"
          >
            plu
          </span>
        </span>
        <span>
          m
        </span>
      </button>
    </li>
    <li>
      <button
        class="sc-dlfnbm eUEKhV"
        type="button"
      >
        <span>
          
          <span
            class="coloredText"
          >
            Plu
          </span>
        </span>
        <span>
          m
        </span>
      </button>
    </li>
    <li>
      <button
        class="sc-dlfnbm eUEKhV"
        type="button"
      >
        <span>
          
          <span
            class="coloredText"
          >
            Plu
          </span>
        </span>
        <span>
          mcot
        </span>
      </button>
    </li>
  </ul>
</div>
`;

exports[`should show the list when there types plum 1`] = `
<div
  data-testid="typeahead"
>
  <input
    aria-label="typeahead-input"
    class="sc-bdfBwQ juMTdC"
    placeholder="Type..."
    type="text"
    value="plum"
  />
  <ul
    class="sc-gsTCUz MsIIl"
    data-testid="suggestions-list"
  >
    <li>
      <button
        class="sc-dlfnbm cHfzSk"
        type="button"
      >
        <span>
          Japanese 
          <span
            class="coloredText"
          >
            plum
          </span>
        </span>
        <span />
      </button>
    </li>
    <li>
      <button
        class="sc-dlfnbm eUEKhV"
        type="button"
      >
        <span>
          
          <span
            class="coloredText"
          >
            Plum
          </span>
        </span>
        <span />
      </button>
    </li>
    <li>
      <button
        class="sc-dlfnbm eUEKhV"
        type="button"
      >
        <span>
          
          <span
            class="coloredText"
          >
            Plum
          </span>
        </span>
        <span>
          cot
        </span>
      </button>
    </li>
  </ul>
</div>
`;
